// Jest Snapshot v1, https://goo.gl/fbAQLP

exports[`default styles 1`] = `
.c1 {
  -webkit-align-items: center;
  -webkit-box-align: center;
  -ms-flex-align: center;
  align-items: center;
  border-bottom-color: #DBDBDB;
  border-bottom-width: 1px;
  border-style: solid;
  -webkit-flex: 1;
  -ms-flex: 1;
  flex: 1;
  -webkit-box-pack: center;
  -webkit-justify-content: center;
  -ms-flex-pack: center;
  justify-content: center;
}

.c0 .supportImageContainerClass {
  display: none;
}

.c0 .supportSummaryClass {
  display: none;
}

.c0 .summaryHidden {
  display: none;
}

.c0 .leadSummary125Class {
  display: block;
}

.c2 {
  -webkit-flex: 1;
  -ms-flex: 1;
  flex: 1;
  -webkit-flex-direction: column;
  -ms-flex-direction: column;
  flex-direction: column;
  -webkit-flex-wrap: wrap;
  -ms-flex-wrap: wrap;
  flex-wrap: wrap;
  height: auto;
  padding-bottom: 10px;
  padding-top: 10px;
  width: 100%;
}

.c3 {
  -webkit-flex: 1;
  -ms-flex: 1;
  flex: 1;
  -webkit-box-flex: 1;
  -webkit-flex-grow: 1;
  -ms-flex-positive: 1;
  flex-grow: 1;
  padding-bottom: 0;
  padding-left: 10px;
  padding-right: 10px;
  width: 100%;
}

@media (-webkit-min-device-pixel-ratio:2) {
  .c1 {
    border-bottom-width: 0.5px;
  }
}

@media (min-width:768px) {
  .c0 .leadHeadlineClass {
    font-size: 30px;
    line-height: 30px;
  }

  .c0 .leadImageContainerClass {
    -webkit-flex: 1;
    -ms-flex: 1;
    flex: 1;
    margin-bottom: 0;
    min-width: auto;
  }

  .c0 .leadContentContainerClass {
    -webkit-flex-basis: 0 !important;
    -ms-flex-preferred-size: 0 !important;
    flex-basis: 0 !important;
    -webkit-box-flex: 1;
    -webkit-flex-grow: 1;
    -ms-flex-positive: 1;
    flex-grow: 1;
    margin-bottom: 10px;
    min-width: 300px;
  }

  .c0 .supportImageContainerClass {
    display: block;
  }

  .c0 .leadSummary125Class {
    display: block;
  }

  .c0 .leadSummary175Class {
    display: none;
  }
}

@media (min-width:768px) {
  .c0 .leadImageContainerClass {
    padding-right: 10px;
  }
}

@media (min-width:1024px) {
  .c0 .leadImageContainerClass {
    padding-right: 10px;
  }
}

@media (min-width:768px) {
  .c2 {
    -webkit-flex-direction: row;
    -ms-flex-direction: row;
    flex-direction: row;
    padding-bottom: 10px;
  }
}

@media (min-width:768px) {
  .c2 {
    padding-left: 0px;
    padding-right: 0px;
    width: 80.8%;
  }
}

@media (min-width:1024px) {
  .c2 {
    width: 56.2%;
  }
}

@media (min-width:768px) {
  .c3 {
    -webkit-box-flex: 0;
    -webkit-flex-grow: 0;
    -ms-flex-positive: 0;
    flex-grow: 0;
    padding-left: 0;
    padding-right: 0;
  }
}

@media (min-width:1024px) {
  .c3 {
    -webkit-box-flex: 1.5;
    -webkit-flex-grow: 1.5;
    -ms-flex-positive: 1.5;
    flex-grow: 1.5;
  }
}

<style>
.S1 {
  border-top-width: 0px;
  border-bottom-width: 0px;
  color: rgba(51,51,51,1.00);
  display: inline;
  font-family: TimesModern-Bold;
  font-size: 25px;
  font-weight: inherit;
  line-height: 27px;
  margin-top: 0px;
  margin-bottom: 0px;
}

.S2 {
  -ms-flex-align: center;
  -webkit-align-items: center;
  -webkit-box-align: center;
  align-items: center;
  border-bottom-color: rgba(219,219,219,1.00);
  border-bottom-width: 1px;
  border-top-color: rgba(219,219,219,1.00);
  border-top-width: 1px;
  display: flex;
  -ms-flex-pack: center;
  -webkit-box-pack: center;
  -webkit-justify-content: center;
  justify-content: center;
  margin-top: 0px;
  margin-bottom: 0px;
}

.S3 {
  border-top-width: 0px;
  border-bottom-width: 0px;
  color: rgba(51,51,51,1.00);
  display: inline;
  font-family: GillSansMTStd-Medium;
  font-size: 12px;
  font-weight: 400;
  line-height: 14px;
  margin-top: 0px;
  margin-bottom: 0px;
}

.S4 {
  -ms-flex-align: stretch;
  -webkit-align-items: stretch;
  -webkit-box-align: stretch;
  align-items: stretch;
  border-top-width: 0px;
  border-bottom-width: 0px;
  display: flex;
  margin-top: 0px;
  margin-bottom: 0px;
}

.S5 {
  border-top-width: 0px;
  border-bottom-width: 0px;
  color: rgba(51,51,51,1.00);
  display: inline;
  font-family: TimesModern-Bold;
  font-size: 22px;
  font-weight: 400;
  line-height: 27px;
  margin-bottom: 5px;
  margin-top: 0px;
}

.S6 {
  border-top-width: 0px;
  border-bottom-width: 0px;
  color: inherit;
  display: inline;
  font-family: inherit;
  font-size: inherit;
  font-weight: inherit;
  line-height: inherit;
  margin-top: 0px;
  margin-bottom: 0px;
}

.S7 {
  border-top-width: 0px;
  border-bottom-width: 0px;
  color: rgba(105,105,105,1.00);
  display: inline;
  font-family: TimesDigitalW04;
  font-size: 14px;
  font-weight: inherit;
  line-height: 20px;
  margin-top: 0px;
  margin-bottom: 10px;
}

.S8 {
  border-top-width: 0px;
  border-bottom-width: 0px;
  color: rgba(105,105,105,1.00);
  display: inline;
  font-family: GillSansMTStd-Medium;
  font-size: 13px;
  font-weight: inherit;
  line-height: 15px;
  margin-top: 0px;
  margin-bottom: 5px;
}

.S9 {
  border-top-width: 0px;
  border-bottom-width: 0px;
  color: rgba(51,51,51,1.00);
  display: inline;
  font-family: GillSansMTStd-Medium;
  font-size: 13px;
  font-weight: inherit;
  line-height: 15px;
  margin-top: 0px;
  margin-bottom: 0px;
}

.S10 {
  border-top-width: 0px;
  border-bottom-width: 0px;
  color: rgba(105,105,105,1.00);
  display: inline;
  font-family: GillSansMTStd-Medium;
  font-size: 13px;
  font-weight: inherit;
  line-height: 15px;
  margin-top: 0px;
  margin-bottom: 0px;
}
</style>

<div
  className="S4"
>
  <div
    className="S2"
  >
    <h3
      className="S1"
    >
      Related articles
    </h3>
  </div>
  <div
    className="c0 S4"
  >
    <div
      className="c1 S4"
    >
      <div
        className="c2 S4"
      >
        <div
          className="c3 S4"
        >
          <Link>
            <div
              className="S4"
            >
              <Card>
                <div
                  className="S4"
                >
                  <div
                    className="S4"
                  >
                    <div
                      className="S3"
                    >
                      TEST LABEL
                    </div>
                  </div>
                  <h3
                    className="leadHeadlineClass S5"
                  >
                    Test Short Headline
                  </h3>
                  <div
                    className="S4"
                  >
                    <div
                      className="summaryHidden leadSummary125Class S7"
                    >
                      <span
                        className="S6"
                      >
                        
                        Summary 125
                        ...
                      </span>
                    </div>
                  </div>
                  <div
                    className="S8"
                  >
                    <time>
                      March 13 2015, 6:54pm
                    </time>
                  </div>
                  <div
                    className="S10"
                  >
                    <span
                      className="S9"
                    >
                      Deborah Haynes
                    </span>
                  </div>
                </div>
              </Card>
            </div>
          </Link>
        </div>
      </div>
    </div>
  </div>
</div>
`;
