// Jest Snapshot v1, https://goo.gl/fbAQLP

exports[`1. four child element 1`] = `
<View
  style={
    Object {
      "flex": 1,
    }
  }
>
  <View
    style={
      Object {
        "borderBottomWidth": 0.5,
        "borderStyle": "solid",
        "flexDirection": "row",
        "marginBottom": 12,
        "marginLeft": 12,
        "marginRight": 12,
        "marginTop": 10,
      }
    }
  >
    <View
      style={
        Object {
          "borderStyle": "solid",
          "paddingBottom": 10,
          "width": "50%",
        }
      }
    >
      <Text>
        secondary-1
      </Text>
    </View>
    <View
      style={
        Object {
          "borderLeftWidth": 0.5,
          "borderStyle": "solid",
          "marginLeft": 9,
          "marginRight": 9,
        }
      }
    />
    <View
      style={
        Object {
          "borderStyle": "solid",
          "paddingBottom": 10,
          "width": "50%",
        }
      }
    >
      <Text>
        secondary-2
      </Text>
    </View>
  </View>
  <View
    style={
      Object {
        "borderBottomWidth": 0.5,
        "borderStyle": "solid",
        "flexDirection": "row",
        "marginBottom": 12,
        "marginLeft": 12,
        "marginRight": 12,
        "marginTop": 10,
      }
    }
  >
    <View
      style={
        Object {
          "borderStyle": "solid",
          "paddingBottom": 10,
          "width": "50%",
        }
      }
    >
      <Text>
        secondary-3
      </Text>
    </View>
    <View
      style={
        Object {
          "borderLeftWidth": 0.5,
          "borderStyle": "solid",
          "marginLeft": 9,
          "marginRight": 9,
        }
      }
    />
    <View
      style={
        Object {
          "borderStyle": "solid",
          "paddingBottom": 10,
          "width": "50%",
        }
      }
    >
      <Text>
        secondary-4
      </Text>
    </View>
  </View>
</View>
`;
