// Jest Snapshot v1, https://goo.gl/fbAQLP

exports[`1. a single child element 1`] = `
<ForwardRef>
  <div>
    <ForwardRef>
      <div>
        <ForwardRef>
          <div>
            <ForwardRef>
              <div>
                <div>
                  opinion
                </div>
              </div>
            </ForwardRef>
          </div>
        </ForwardRef>
      </div>
    </ForwardRef>
  </div>
</ForwardRef>
`;

exports[`2. two child elements 1`] = `
<ForwardRef>
  <div>
    <ForwardRef>
      <div>
        <ForwardRef>
          <div>
            <ForwardRef>
              <div>
                <div>
                  opinion
                </div>
              </div>
            </ForwardRef>
            <ForwardRef>
              <div />
            </ForwardRef>
            <ForwardRef>
              <div>
                <ForwardRef>
                  <div>
                    <div>
                      support-1
                    </div>
                  </div>
                </ForwardRef>
              </div>
            </ForwardRef>
          </div>
        </ForwardRef>
      </div>
    </ForwardRef>
  </div>
</ForwardRef>
`;

exports[`3. three child elements 1`] = `
<ForwardRef>
  <div>
    <ForwardRef>
      <div>
        <ForwardRef>
          <div>
            <ForwardRef>
              <div>
                <div>
                  opinion
                </div>
              </div>
            </ForwardRef>
            <ForwardRef>
              <div />
            </ForwardRef>
            <ForwardRef>
              <div>
                <ForwardRef>
                  <div>
                    <div>
                      support-1
                    </div>
                  </div>
                </ForwardRef>
                <ForwardRef>
                  <div>
                    <div>
                      support-2
                    </div>
                  </div>
                </ForwardRef>
              </div>
            </ForwardRef>
          </div>
        </ForwardRef>
      </div>
    </ForwardRef>
  </div>
</ForwardRef>
`;
